[0.028s][info][gc] Using Concurrent Mark Sweep
[42.331s][info][gc] GC(0) Pause Young (Allocation Failure) 136M->97M(494M) 970.317ms
[85.819s][info][gc] GC(1) Pause Young (Allocation Failure) 233M->186M(494M) 407.050ms
[130.323s][info][gc] GC(2) Pause Young (Allocation Failure) 322M->271M(494M) 412.704ms
[130.335s][info][gc] GC(3) Pause Initial Mark 273M->273M(494M) 8.981ms
[130.335s][info][gc] GC(3) Concurrent Mark
[130.655s][info][gc] GC(3) Concurrent Mark 319.967ms
[130.656s][info][gc] GC(3) Concurrent Preclean
[130.657s][info][gc] GC(3) Concurrent Preclean 1.147ms
[130.657s][info][gc] GC(3) Concurrent Abortable Preclean
[135.895s][info][gc] GC(3) Concurrent Abortable Preclean 5237.582ms
[135.914s][info][gc] GC(3) Pause Remark 290M->290M(494M) 18.789ms
[135.916s][info][gc] GC(3) Concurrent Sweep
[136.057s][info][gc] GC(3) Concurrent Sweep 140.543ms
[136.057s][info][gc] GC(3) Concurrent Reset
[136.058s][info][gc] GC(3) Concurrent Reset 0.868ms
[138.076s][info][gc] GC(4) Pause Initial Mark 295M->295M(494M) 17.936ms
[138.076s][info][gc] GC(4) Concurrent Mark
[138.414s][info][gc] GC(4) Concurrent Mark 338.129ms
[138.414s][info][gc] GC(4) Concurrent Preclean
[138.416s][info][gc] GC(4) Concurrent Preclean 1.191ms
[138.416s][info][gc] GC(4) Concurrent Abortable Preclean
[143.660s][info][gc] GC(4) Concurrent Abortable Preclean 5243.801ms
[143.691s][info][gc] GC(4) Pause Remark 314M->314M(494M) 31.330ms
[143.692s][info][gc] GC(4) Concurrent Sweep
[143.843s][info][gc] GC(4) Concurrent Sweep 150.894ms
[143.843s][info][gc] GC(4) Concurrent Reset
[143.844s][info][gc] GC(4) Concurrent Reset 1.086ms
[145.874s][info][gc] GC(5) Pause Initial Mark 319M->319M(494M) 29.919ms
[145.874s][info][gc] GC(5) Concurrent Mark
[146.273s][info][gc] GC(5) Concurrent Mark 398.647ms
[146.273s][info][gc] GC(5) Concurrent Preclean
[146.275s][info][gc] GC(5) Concurrent Preclean 1.249ms
[146.275s][info][gc] GC(5) Concurrent Abortable Preclean
[151.333s][info][gc] GC(5) Concurrent Abortable Preclean 5058.393ms
[151.373s][info][gc] GC(5) Pause Remark 335M->335M(494M) 39.798ms
[151.374s][info][gc] GC(5) Concurrent Sweep
[151.511s][info][gc] GC(5) Concurrent Sweep 136.822ms
[151.511s][info][gc] GC(5) Concurrent Reset
[151.512s][info][gc] GC(5) Concurrent Reset 0.884ms
[153.550s][info][gc] GC(6) Pause Initial Mark 346M->346M(494M) 38.611ms
[153.551s][info][gc] GC(6) Concurrent Mark
[153.887s][info][gc] GC(6) Concurrent Mark 335.942ms
[153.887s][info][gc] GC(6) Concurrent Preclean
[153.888s][info][gc] GC(6) Concurrent Preclean 1.194ms
[153.888s][info][gc] GC(6) Concurrent Abortable Preclean
[153.889s][info][gc] GC(6) Concurrent Abortable Preclean 0.517ms
[153.934s][info][gc] GC(6) Pause Remark 346M->346M(494M) 44.215ms
[153.934s][info][gc] GC(6) Concurrent Sweep
[154.067s][info][gc] GC(6) Concurrent Sweep 132.699ms
[154.067s][info][gc] GC(6) Concurrent Reset
[154.068s][info][gc] GC(6) Concurrent Reset 0.882ms
[156.109s][info][gc] GC(7) Pause Initial Mark 352M->352M(494M) 41.401ms
[156.109s][info][gc] GC(7) Concurrent Mark
[156.445s][info][gc] GC(7) Concurrent Mark 335.905ms
[156.445s][info][gc] GC(7) Concurrent Preclean
[156.447s][info][gc] GC(7) Concurrent Preclean 1.315ms
[156.447s][info][gc] GC(7) Concurrent Abortable Preclean
[156.447s][info][gc] GC(7) Concurrent Abortable Preclean 0.484ms
[156.496s][info][gc] GC(7) Pause Remark 354M->354M(494M) 48.079ms
[156.497s][info][gc] GC(7) Concurrent Sweep
[156.652s][info][gc] GC(7) Concurrent Sweep 155.517ms
[156.652s][info][gc] GC(7) Concurrent Reset
[156.654s][info][gc] GC(7) Concurrent Reset 1.182ms
[158.700s][info][gc] GC(8) Pause Initial Mark 360M->360M(494M) 46.392ms
[158.700s][info][gc] GC(8) Concurrent Mark
[159.052s][info][gc] GC(8) Concurrent Mark 351.603ms
[159.052s][info][gc] GC(8) Concurrent Preclean
[159.053s][info][gc] GC(8) Concurrent Preclean 1.271ms
[159.053s][info][gc] GC(8) Concurrent Abortable Preclean
[159.054s][info][gc] GC(8) Concurrent Abortable Preclean 0.712ms
[159.114s][info][gc] GC(8) Pause Remark 360M->360M(494M) 50.987ms
[159.114s][info][gc] GC(8) Concurrent Sweep
[159.259s][info][gc] GC(8) Concurrent Sweep 144.858ms
[159.259s][info][gc] GC(8) Concurrent Reset
[159.260s][info][gc] GC(8) Concurrent Reset 0.893ms
[161.308s][info][gc] GC(9) Pause Initial Mark 368M->368M(494M) 47.577ms
[161.308s][info][gc] GC(9) Concurrent Mark
[161.681s][info][gc] GC(9) Concurrent Mark 373.347ms
[161.682s][info][gc] GC(9) Concurrent Preclean
[161.683s][info][gc] GC(9) Concurrent Preclean 1.307ms
[161.684s][info][gc] GC(9) Concurrent Abortable Preclean
[161.684s][info][gc] GC(9) Concurrent Abortable Preclean 0.513ms
[161.740s][info][gc] GC(9) Pause Remark 370M->370M(494M) 55.429ms
[161.740s][info][gc] GC(9) Concurrent Sweep
[161.876s][info][gc] GC(9) Concurrent Sweep 135.933ms
[161.877s][info][gc] GC(9) Concurrent Reset
[161.878s][info][gc] GC(9) Concurrent Reset 0.968ms
[163.930s][info][gc] GC(10) Pause Initial Mark 376M->376M(494M) 51.831ms
[163.931s][info][gc] GC(10) Concurrent Mark
[164.249s][info][gc] GC(10) Concurrent Mark 317.891ms
[164.249s][info][gc] GC(10) Concurrent Preclean
[164.252s][info][gc] GC(10) Concurrent Preclean 2.929ms
[164.252s][info][gc] GC(10) Concurrent Abortable Preclean
[164.253s][info][gc] GC(10) Concurrent Abortable Preclean 0.561ms
[164.311s][info][gc] GC(10) Pause Remark 376M->376M(494M) 57.633ms
[164.311s][info][gc] GC(10) Concurrent Sweep
[164.449s][info][gc] GC(10) Concurrent Sweep 137.951ms
[164.450s][info][gc] GC(10) Concurrent Reset
[164.450s][info][gc] GC(10) Concurrent Reset 0.925ms
[166.507s][info][gc] GC(11) Pause Initial Mark 387M->387M(494M) 56.440ms
[166.508s][info][gc] GC(11) Concurrent Mark
[166.843s][info][gc] GC(11) Concurrent Mark 335.254ms
[166.843s][info][gc] GC(11) Concurrent Preclean
[166.844s][info][gc] GC(11) Concurrent Preclean 1.143ms
[166.845s][info][gc] GC(11) Concurrent Abortable Preclean
[166.845s][info][gc] GC(11) Concurrent Abortable Preclean 0.546ms
[166.908s][info][gc] GC(11) Pause Remark 387M->387M(494M) 62.081ms
[166.908s][info][gc] GC(11) Concurrent Sweep
[167.091s][info][gc] GC(11) Concurrent Sweep 182.957ms
[167.092s][info][gc] GC(11) Concurrent Reset
[167.093s][info][gc] GC(11) Concurrent Reset 0.987ms
[169.151s][info][gc] GC(12) Pause Initial Mark 392M->392M(494M) 58.212ms
[169.151s][info][gc] GC(12) Concurrent Mark
[169.493s][info][gc] GC(12) Concurrent Mark 342.047ms
[169.493s][info][gc] GC(12) Concurrent Preclean
[169.495s][info][gc] GC(12) Concurrent Preclean 1.306ms
[169.495s][info][gc] GC(12) Concurrent Abortable Preclean
[169.496s][info][gc] GC(12) Concurrent Abortable Preclean 0.554ms
[169.563s][info][gc] GC(12) Pause Remark 395M->395M(494M) 66.709ms
[169.563s][info][gc] GC(12) Concurrent Sweep
[169.741s][info][gc] GC(12) Concurrent Sweep 178.186ms
[169.742s][info][gc] GC(12) Concurrent Reset
[169.743s][info][gc] GC(12) Concurrent Reset 0.863ms
[171.804s][info][gc] GC(13) Pause Initial Mark 400M->400M(494M) 61.130ms
[171.804s][info][gc] GC(13) Concurrent Mark
[172.174s][info][gc] GC(13) Concurrent Mark 369.809ms
[172.174s][info][gc] GC(13) Concurrent Preclean
[172.176s][info][gc] GC(13) Concurrent Preclean 1.277ms
[172.176s][info][gc] GC(13) Concurrent Abortable Preclean
[172.176s][info][gc] GC(13) Concurrent Abortable Preclean 0.493ms
[172.244s][info][gc] GC(13) Pause Remark 400M->400M(494M) 67.215ms
[172.244s][info][gc] GC(13) Concurrent Sweep
[172.385s][info][gc] GC(13) Concurrent Sweep 140.731ms
[172.385s][info][gc] GC(13) Concurrent Reset
[172.386s][info][gc] GC(13) Concurrent Reset 0.925ms
[174.451s][info][gc] GC(14) Pause Initial Mark 407M->407M(494M) 64.917ms
[174.452s][info][gc] GC(14) Concurrent Mark
[174.767s][info][gc] GC(14) Concurrent Mark 315.237ms
[176.039s][info][gc] GC(16) Pause Full (Allocation Failure) 407M->323M(494M) 1585.964ms
[176.039s][info][gc] GC(15) Pause Young (Allocation Failure) 407M->323M(494M) 1586.450ms
[178.045s][info][gc] GC(17) Pause Initial Mark 328M->328M(494M) 4.289ms
[178.046s][info][gc] GC(17) Concurrent Mark
[178.484s][info][gc] GC(17) Concurrent Mark 438.327ms
[178.484s][info][gc] GC(17) Concurrent Preclean
[178.486s][info][gc] GC(17) Concurrent Preclean 1.194ms
[178.486s][info][gc] GC(17) Concurrent Abortable Preclean
[181.088s][info][gc] GC(17) Concurrent Abortable Preclean 2602.363ms
[181.100s][info][gc] GC(17) Pause Remark 342M->342M(494M) 10.952ms
[181.100s][info][gc] GC(17) Concurrent Sweep
[181.357s][info][gc] GC(17) Concurrent Sweep 257.480ms
[181.358s][info][gc] GC(17) Concurrent Reset
[181.359s][info][gc] GC(17) Concurrent Reset 0.837ms
[183.370s][info][gc] GC(18) Pause Initial Mark 347M->347M(494M) 11.591ms
[183.371s][info][gc] GC(18) Concurrent Mark
[183.936s][info][gc] GC(18) Concurrent Mark 565.711ms
[183.937s][info][gc] GC(18) Concurrent Preclean
[183.938s][info][gc] GC(18) Concurrent Preclean 1.186ms
[183.938s][info][gc] GC(18) Concurrent Abortable Preclean
[183.939s][info][gc] GC(18) Concurrent Abortable Preclean 0.479ms
[183.954s][info][gc] GC(18) Pause Remark 347M->347M(494M) 14.497ms
[183.954s][info][gc] GC(18) Concurrent Sweep
[184.200s][info][gc] GC(18) Concurrent Sweep 245.520ms
[184.200s][info][gc] GC(18) Concurrent Reset
[184.201s][info][gc] GC(18) Concurrent Reset 0.904ms
[186.215s][info][gc] GC(19) Pause Initial Mark 358M->358M(494M) 14.194ms
[186.215s][info][gc] GC(19) Concurrent Mark
[186.636s][info][gc] GC(19) Concurrent Mark 420.392ms
[186.636s][info][gc] GC(19) Concurrent Preclean
[186.637s][info][gc] GC(19) Concurrent Preclean 1.217ms
[186.637s][info][gc] GC(19) Concurrent Abortable Preclean
[186.638s][info][gc] GC(19) Concurrent Abortable Preclean 0.499ms
[186.657s][info][gc] GC(19) Pause Remark 358M->358M(494M) 18.370ms
[186.657s][info][gc] GC(19) Concurrent Sweep
[186.845s][info][gc] GC(19) Concurrent Sweep 187.665ms
[186.845s][info][gc] GC(19) Concurrent Reset
[186.846s][info][gc] GC(19) Concurrent Reset 1.044ms
[188.865s][info][gc] GC(20) Pause Initial Mark 364M->364M(494M) 18.061ms
[188.865s][info][gc] GC(20) Concurrent Mark
[189.290s][info][gc] GC(20) Concurrent Mark 425.023ms
[189.290s][info][gc] GC(20) Concurrent Preclean
[189.292s][info][gc] GC(20) Concurrent Preclean 1.327ms
[189.292s][info][gc] GC(20) Concurrent Abortable Preclean
[189.292s][info][gc] GC(20) Concurrent Abortable Preclean 0.498ms
[189.314s][info][gc] GC(20) Pause Remark 366M->366M(494M) 21.207ms
[189.315s][info][gc] GC(20) Concurrent Sweep
[189.511s][info][gc] GC(20) Concurrent Sweep 196.064ms
[189.511s][info][gc] GC(20) Concurrent Reset
[189.512s][info][gc] GC(20) Concurrent Reset 0.967ms
[191.533s][info][gc] GC(21) Pause Initial Mark 372M->372M(494M) 21.804ms
[191.534s][info][gc] GC(21) Concurrent Mark
[192.073s][info][gc] GC(21) Concurrent Mark 539.153ms
[192.074s][info][gc] GC(21) Concurrent Preclean
[192.075s][info][gc] GC(21) Concurrent Preclean 1.137ms
[192.075s][info][gc] GC(21) Concurrent Abortable Preclean
[192.075s][info][gc] GC(21) Concurrent Abortable Preclean 0.588ms
[192.102s][info][gc] GC(21) Pause Remark 377M->377M(494M) 25.707ms
[192.102s][info][gc] GC(21) Concurrent Sweep
[192.298s][info][gc] GC(21) Concurrent Sweep 195.510ms
[192.298s][info][gc] GC(21) Concurrent Reset
[192.299s][info][gc] GC(21) Concurrent Reset 0.927ms
[194.325s][info][gc] GC(22) Pause Initial Mark 383M->383M(494M) 25.293ms
[194.325s][info][gc] GC(22) Concurrent Mark
[194.738s][info][gc] GC(22) Concurrent Mark 412.973ms
[194.739s][info][gc] GC(22) Concurrent Preclean
[194.740s][info][gc] GC(22) Concurrent Preclean 1.114ms
[194.740s][info][gc] GC(22) Concurrent Abortable Preclean
[194.740s][info][gc] GC(22) Concurrent Abortable Preclean 0.621ms
[194.771s][info][gc] GC(22) Pause Remark 383M->383M(494M) 29.860ms
[194.771s][info][gc] GC(22) Concurrent Sweep
[194.971s][info][gc] GC(22) Concurrent Sweep 199.592ms
[194.971s][info][gc] GC(22) Concurrent Reset
[194.972s][info][gc] GC(22) Concurrent Reset 0.867ms
[196.999s][info][gc] GC(23) Pause Initial Mark 388M->388M(494M) 27.052ms
[197.000s][info][gc] GC(23) Concurrent Mark
[197.449s][info][gc] GC(23) Concurrent Mark 448.625ms
[197.449s][info][gc] GC(23) Concurrent Preclean
[197.450s][info][gc] GC(23) Concurrent Preclean 1.241ms
[197.450s][info][gc] GC(23) Concurrent Abortable Preclean
[197.451s][info][gc] GC(23) Concurrent Abortable Preclean 0.510ms
[197.485s][info][gc] GC(23) Pause Remark 391M->391M(494M) 33.537ms
[197.485s][info][gc] GC(23) Concurrent Sweep
[197.686s][info][gc] GC(23) Concurrent Sweep 200.903ms
[197.687s][info][gc] GC(23) Concurrent Reset
[197.688s][info][gc] GC(23) Concurrent Reset 0.934ms
[199.720s][info][gc] GC(24) Pause Initial Mark 399M->399M(494M) 31.400ms
[199.720s][info][gc] GC(24) Concurrent Mark
[200.230s][info][gc] GC(24) Concurrent Mark 509.295ms
[200.230s][info][gc] GC(24) Concurrent Preclean
[200.231s][info][gc] GC(24) Concurrent Preclean 1.382ms
[200.231s][info][gc] GC(24) Concurrent Abortable Preclean
[200.232s][info][gc] GC(24) Concurrent Abortable Preclean 0.497ms
[200.269s][info][gc] GC(24) Pause Remark 402M->402M(494M) 36.654ms
[200.269s][info][gc] GC(24) Concurrent Sweep
[200.463s][info][gc] GC(24) Concurrent Sweep 193.680ms
[200.463s][info][gc] GC(24) Concurrent Reset
[200.464s][info][gc] GC(24) Concurrent Reset 0.974ms
[202.500s][info][gc] GC(25) Pause Initial Mark 407M->407M(494M) 35.689ms
[202.500s][info][gc] GC(25) Concurrent Mark
[203.057s][info][gc] GC(25) Concurrent Mark 556.400ms
[203.057s][info][gc] GC(25) Concurrent Preclean
[203.058s][info][gc] GC(25) Concurrent Preclean 1.227ms
[203.059s][info][gc] GC(25) Concurrent Abortable Preclean
[203.059s][info][gc] GC(25) Concurrent Abortable Preclean 0.567ms
[203.099s][info][gc] GC(25) Pause Remark 407M->407M(494M) 39.477ms
[203.099s][info][gc] GC(25) Concurrent Sweep
[203.278s][info][gc] GC(25) Concurrent Sweep 178.423ms
[203.278s][info][gc] GC(25) Concurrent Reset
[203.279s][info][gc] GC(25) Concurrent Reset 0.860ms
[205.320s][info][gc] GC(26) Pause Initial Mark 418M->418M(494M) 40.299ms
[205.320s][info][gc] GC(26) Concurrent Mark
[205.813s][info][gc] GC(26) Concurrent Mark 493.016ms
[205.813s][info][gc] GC(26) Concurrent Preclean
[205.815s][info][gc] GC(26) Concurrent Preclean 1.905ms
[205.816s][info][gc] GC(26) Concurrent Abortable Preclean
[205.816s][info][gc] GC(26) Concurrent Abortable Preclean 0.901ms
[205.862s][info][gc] GC(26) Pause Remark 418M->418M(494M) 44.521ms
[205.862s][info][gc] GC(26) Concurrent Sweep
[206.050s][info][gc] GC(26) Concurrent Sweep 188.191ms
[206.051s][info][gc] GC(26) Concurrent Reset
[206.052s][info][gc] GC(26) Concurrent Reset 1.073ms
[208.094s][info][gc] GC(27) Pause Initial Mark 423M->423M(494M) 41.806ms
[208.095s][info][gc] GC(27) Concurrent Mark
[208.519s][info][gc] GC(27) Concurrent Mark 424.183ms
[208.519s][info][gc] GC(27) Concurrent Preclean
[208.520s][info][gc] GC(27) Concurrent Preclean 1.429ms
[208.521s][info][gc] GC(27) Concurrent Abortable Preclean
[208.521s][info][gc] GC(27) Concurrent Abortable Preclean 0.502ms
[208.571s][info][gc] GC(27) Pause Remark 426M->426M(494M) 48.752ms
[208.571s][info][gc] GC(27) Concurrent Sweep
[208.752s][info][gc] GC(27) Concurrent Sweep 180.648ms
[208.752s][info][gc] GC(27) Concurrent Reset
[208.753s][info][gc] GC(27) Concurrent Reset 0.968ms
[210.798s][info][gc] GC(28) Pause Initial Mark 431M->431M(494M) 45.151ms
[210.799s][info][gc] GC(28) Concurrent Mark
[211.228s][info][gc] GC(28) Concurrent Mark 428.672ms
[211.228s][info][gc] GC(28) Concurrent Preclean
[211.229s][info][gc] GC(28) Concurrent Preclean 1.150ms
[211.229s][info][gc] GC(28) Concurrent Abortable Preclean
[211.230s][info][gc] GC(28) Concurrent Abortable Preclean 0.556ms
[211.283s][info][gc] GC(28) Pause Remark 437M->437M(494M) 52.771ms
[211.284s][info][gc] GC(28) Concurrent Sweep
[211.545s][info][gc] GC(28) Concurrent Sweep 261.621ms
[211.545s][info][gc] GC(28) Concurrent Reset
[211.546s][info][gc] GC(28) Concurrent Reset 0.850ms
[213.596s][info][gc] GC(29) Pause Initial Mark 442M->442M(494M) 49.352ms
[213.596s][info][gc] GC(29) Concurrent Mark
[214.028s][info][gc] GC(29) Concurrent Mark 431.690ms
[214.028s][info][gc] GC(29) Concurrent Preclean
[214.029s][info][gc] GC(29) Concurrent Preclean 1.154ms
[214.029s][info][gc] GC(29) Concurrent Abortable Preclean
[214.030s][info][gc] GC(29) Concurrent Abortable Preclean 0.448ms
[214.086s][info][gc] GC(29) Pause Remark 442M->442M(494M) 55.457ms
[214.086s][info][gc] GC(29) Concurrent Sweep
[214.284s][info][gc] GC(29) Concurrent Sweep 197.864ms
[214.285s][info][gc] GC(29) Concurrent Reset
[214.286s][info][gc] GC(29) Concurrent Reset 0.965ms
[216.339s][info][gc] GC(30) Pause Initial Mark 450M->450M(494M) 53.659ms
[216.339s][info][gc] GC(30) Concurrent Mark
[216.760s][info][gc] GC(30) Concurrent Mark 420.941ms
[216.761s][info][gc] GC(30) Concurrent Preclean
[216.762s][info][gc] GC(30) Concurrent Preclean 1.203ms
[216.762s][info][gc] GC(30) Concurrent Abortable Preclean
[216.762s][info][gc] GC(30) Concurrent Abortable Preclean 0.488ms
[216.823s][info][gc] GC(30) Pause Remark 450M->450M(494M) 60.027ms
[216.824s][info][gc] GC(30) Concurrent Sweep
[217.017s][info][gc] GC(30) Concurrent Sweep 192.988ms
[217.017s][info][gc] GC(30) Concurrent Reset
[217.018s][info][gc] GC(30) Concurrent Reset 0.947ms
[219.075s][info][gc] GC(31) Pause Initial Mark 458M->458M(494M) 56.763ms
[219.075s][info][gc] GC(31) Concurrent Mark
[219.559s][info][gc] GC(31) Concurrent Mark 483.441ms
[219.559s][info][gc] GC(31) Concurrent Preclean
[219.560s][info][gc] GC(31) Concurrent Preclean 1.145ms
[219.560s][info][gc] GC(31) Concurrent Abortable Preclean
[219.561s][info][gc] GC(31) Concurrent Abortable Preclean 0.485ms
[219.625s][info][gc] GC(31) Pause Remark 460M->460M(494M) 63.395ms
[219.625s][info][gc] GC(31) Concurrent Sweep
[219.816s][info][gc] GC(31) Concurrent Sweep 190.566ms
[219.816s][info][gc] GC(31) Concurrent Reset
[219.817s][info][gc] GC(31) Concurrent Reset 0.884ms
[221.223s][info][gc] GC(33) Pause Full (Allocation Failure) 460M->394M(494M) 1086.641ms
[221.223s][info][gc] GC(32) Pause Young (Allocation Failure) 460M->394M(494M) 1087.034ms
[221.282s][info][gc] GC(34) Pause Initial Mark 397M->397M(494M) 58.570ms
[221.283s][info][gc] GC(34) Concurrent Mark
[221.738s][info][gc] GC(34) Concurrent Mark 454.958ms
[221.738s][info][gc] GC(34) Concurrent Preclean
[222.207s][info][gc] GC(34) Concurrent Preclean 468.772ms
[222.207s][info][gc] GC(34) Concurrent Abortable Preclean
[222.208s][info][gc] GC(34) Concurrent Abortable Preclean 0.634ms
[222.304s][info][gc] GC(34) Pause Remark 397M->397M(494M) 94.947ms
[222.304s][info][gc] GC(34) Concurrent Sweep
[222.496s][info][gc] GC(34) Concurrent Sweep 191.997ms
[222.496s][info][gc] GC(34) Concurrent Reset
[222.497s][info][gc] GC(34) Concurrent Reset 0.877ms
[224.546s][info][gc] GC(35) Pause Initial Mark 408M->408M(494M) 49.236ms
[224.547s][info][gc] GC(35) Concurrent Mark
[225.120s][info][gc] GC(35) Concurrent Mark 573.510ms
[225.121s][info][gc] GC(35) Concurrent Preclean
[225.122s][info][gc] GC(35) Concurrent Preclean 1.169ms
[225.122s][info][gc] GC(35) Concurrent Abortable Preclean
[225.122s][info][gc] GC(35) Concurrent Abortable Preclean 0.507ms
[225.216s][info][gc] GC(35) Pause Remark 408M->408M(494M) 93.410ms
[225.217s][info][gc] GC(35) Concurrent Sweep
[225.441s][info][gc] GC(35) Concurrent Sweep 223.857ms
[225.441s][info][gc] GC(35) Concurrent Reset
[225.442s][info][gc] GC(35) Concurrent Reset 0.912ms
[227.519s][info][gc] GC(36) Pause Initial Mark 416M->416M(494M) 76.507ms
[227.519s][info][gc] GC(36) Concurrent Mark
[227.965s][info][gc] GC(36) Concurrent Mark 446.070ms
[227.965s][info][gc] GC(36) Concurrent Preclean
[227.967s][info][gc] GC(36) Concurrent Preclean 1.295ms
[227.967s][info][gc] GC(36) Concurrent Abortable Preclean
[227.968s][info][gc] GC(36) Concurrent Abortable Preclean 0.535ms
[228.063s][info][gc] GC(36) Pause Remark 416M->416M(494M) 94.704ms
[228.063s][info][gc] GC(36) Concurrent Sweep
[228.327s][info][gc] GC(36) Concurrent Sweep 263.986ms
[228.328s][info][gc] GC(36) Concurrent Reset
[228.329s][info][gc] GC(36) Concurrent Reset 0.950ms
[230.403s][info][gc] GC(37) Pause Initial Mark 427M->427M(494M) 70.259ms
[230.404s][info][gc] GC(37) Concurrent Mark
[230.860s][info][gc] GC(37) Concurrent Mark 456.362ms
[230.861s][info][gc] GC(37) Concurrent Preclean
[230.862s][info][gc] GC(37) Concurrent Preclean 1.393ms
[230.862s][info][gc] GC(37) Concurrent Abortable Preclean
[230.863s][info][gc] GC(37) Concurrent Abortable Preclean 0.524ms
[230.962s][info][gc] GC(37) Pause Remark 427M->427M(494M) 98.329ms
[230.962s][info][gc] GC(37) Concurrent Sweep
[231.230s][info][gc] GC(37) Concurrent Sweep 268.050ms
[231.230s][info][gc] GC(37) Concurrent Reset
[231.231s][info][gc] GC(37) Concurrent Reset 0.853ms
[233.292s][info][gc] GC(38) Pause Initial Mark 432M->432M(494M) 61.016ms
[233.293s][info][gc] GC(38) Concurrent Mark
[233.734s][info][gc] GC(38) Concurrent Mark 441.718ms
[233.735s][info][gc] GC(38) Concurrent Preclean
[233.736s][info][gc] GC(38) Concurrent Preclean 1.232ms
[233.736s][info][gc] GC(38) Concurrent Abortable Preclean
[233.737s][info][gc] GC(38) Concurrent Abortable Preclean 0.674ms
[233.834s][info][gc] GC(38) Pause Remark 435M->435M(494M) 96.626ms
[233.834s][info][gc] GC(38) Concurrent Sweep
[234.045s][info][gc] GC(38) Concurrent Sweep 210.542ms
[234.045s][info][gc] GC(38) Concurrent Reset
[234.046s][info][gc] GC(38) Concurrent Reset 0.935ms
[236.106s][info][gc] GC(39) Pause Initial Mark 440M->440M(494M) 59.461ms
[236.106s][info][gc] GC(39) Concurrent Mark
[236.602s][info][gc] GC(39) Concurrent Mark 495.740ms
[236.602s][info][gc] GC(39) Concurrent Preclean
[236.603s][info][gc] GC(39) Concurrent Preclean 1.153ms
[236.603s][info][gc] GC(39) Concurrent Abortable Preclean
[236.604s][info][gc] GC(39) Concurrent Abortable Preclean 0.624ms
[236.700s][info][gc] GC(39) Pause Remark 446M->446M(494M) 95.090ms
[236.700s][info][gc] GC(39) Concurrent Sweep
[236.916s][info][gc] GC(39) Concurrent Sweep 215.513ms
[236.916s][info][gc] GC(39) Concurrent Reset
[236.917s][info][gc] GC(39) Concurrent Reset 0.910ms
[238.981s][info][gc] GC(40) Pause Initial Mark 451M->451M(494M) 63.483ms
[238.981s][info][gc] GC(40) Concurrent Mark
[239.481s][info][gc] GC(40) Concurrent Mark 499.804ms
[239.481s][info][gc] GC(40) Concurrent Preclean
[239.483s][info][gc] GC(40) Concurrent Preclean 1.163ms
[239.483s][info][gc] GC(40) Concurrent Abortable Preclean
[239.483s][info][gc] GC(40) Concurrent Abortable Preclean 0.590ms
[239.582s][info][gc] GC(40) Pause Remark 454M->454M(494M) 97.906ms
[239.582s][info][gc] GC(40) Concurrent Sweep
[239.826s][info][gc] GC(40) Concurrent Sweep 243.949ms
[239.827s][info][gc] GC(40) Concurrent Reset
[239.828s][info][gc] GC(40) Concurrent Reset 1.147ms
[241.913s][info][gc] GC(41) Pause Initial Mark 459M->459M(494M) 84.975ms
[241.914s][info][gc] GC(41) Concurrent Mark
[242.547s][info][gc] GC(41) Concurrent Mark 632.857ms
[242.547s][info][gc] GC(41) Concurrent Preclean
[242.548s][info][gc] GC(41) Concurrent Preclean 1.481ms
[242.549s][info][gc] GC(41) Concurrent Abortable Preclean
[242.549s][info][gc] GC(41) Concurrent Abortable Preclean 0.599ms
[242.648s][info][gc] GC(41) Pause Remark 465M->465M(494M) 98.186ms
[242.649s][info][gc] GC(41) Concurrent Sweep
[242.882s][info][gc] GC(41) Concurrent Sweep 232.894ms
[242.882s][info][gc] GC(41) Concurrent Reset
[242.883s][info][gc] GC(41) Concurrent Reset 0.924ms
[244.951s][info][gc] GC(42) Pause Initial Mark 470M->470M(494M) 67.855ms
[244.952s][info][gc] GC(42) Concurrent Mark
[245.438s][info][gc] GC(42) Concurrent Mark 486.557ms
[245.439s][info][gc] GC(42) Concurrent Preclean
[245.440s][info][gc] GC(42) Concurrent Preclean 1.277ms
[245.440s][info][gc] GC(42) Concurrent Abortable Preclean
[245.441s][info][gc] GC(42) Concurrent Abortable Preclean 0.477ms
[245.538s][info][gc] GC(42) Pause Remark 473M->473M(494M) 97.066ms
[245.539s][info][gc] GC(42) Concurrent Sweep
[245.749s][info][gc] GC(42) Concurrent Sweep 210.431ms
[245.750s][info][gc] GC(42) Concurrent Reset
[245.750s][info][gc] GC(42) Concurrent Reset 0.919ms
[247.824s][info][gc] GC(43) Pause Initial Mark 477M->477M(494M) 73.689ms
[247.825s][info][gc] GC(43) Concurrent Mark
[248.261s][info][gc] GC(43) Concurrent Mark 436.602ms
[248.262s][info][gc] GC(43) Concurrent Preclean
[248.263s][info][gc] GC(43) Concurrent Preclean 1.164ms
[248.263s][info][gc] GC(43) Concurrent Abortable Preclean
[248.263s][info][gc] GC(43) Concurrent Abortable Preclean 0.531ms
[248.363s][info][gc] GC(43) Pause Remark 477M->477M(494M) 98.461ms
[248.363s][info][gc] GC(43) Concurrent Sweep
[248.647s][info][gc] GC(43) Concurrent Sweep 283.869ms
[248.647s][info][gc] GC(43) Concurrent Reset
[248.648s][info][gc] GC(43) Concurrent Reset 0.924ms
[250.721s][info][gc] GC(44) Pause Initial Mark 487M->487M(494M) 72.441ms
[250.721s][info][gc] GC(44) Concurrent Mark
[251.242s][info][gc] GC(44) Concurrent Mark 520.867ms
[251.243s][info][gc] GC(44) Concurrent Preclean
[251.244s][info][gc] GC(44) Concurrent Preclean 1.238ms
[251.244s][info][gc] GC(44) Concurrent Abortable Preclean
[251.245s][info][gc] GC(44) Concurrent Abortable Preclean 0.509ms
[251.344s][info][gc] GC(44) Pause Remark 487M->487M(494M) 98.452ms
[251.344s][info][gc] GC(44) Concurrent Sweep
[251.564s][info][gc] GC(44) Concurrent Sweep 219.948ms
[251.564s][info][gc] GC(44) Concurrent Reset
[251.565s][info][gc] GC(44) Concurrent Reset 0.942ms
[254.921s][info][gc] GC(46) Pause Full (Allocation Failure) 494M->445M(494M) 1359.807ms
[254.921s][info][gc] GC(45) Pause Young (Allocation Failure) 494M->445M(494M) 1360.282ms
[255.052s][info][gc] GC(47) Pause Initial Mark 447M->447M(494M) 129.472ms
[255.052s][info][gc] GC(47) Concurrent Mark
[255.570s][info][gc] GC(47) Concurrent Mark 518.419ms
[255.571s][info][gc] GC(47) Concurrent Preclean
[256.320s][info][gc] GC(47) Concurrent Preclean 749.474ms
[256.321s][info][gc] GC(47) Concurrent Abortable Preclean
[256.321s][info][gc] GC(47) Concurrent Abortable Preclean 0.550ms
[256.507s][info][gc] GC(47) Pause Remark 450M->450M(494M) 185.294ms
[256.507s][info][gc] GC(47) Concurrent Sweep
[256.808s][info][gc] GC(47) Concurrent Sweep 300.183ms
[256.808s][info][gc] GC(47) Concurrent Reset
[256.809s][info][gc] GC(47) Concurrent Reset 0.921ms
[258.932s][info][gc] GC(48) Pause Initial Mark 457M->457M(494M) 122.304ms
[258.932s][info][gc] GC(48) Concurrent Mark
[259.404s][info][gc] GC(48) Concurrent Mark 471.853ms
[259.404s][info][gc] GC(48) Concurrent Preclean
[259.406s][info][gc] GC(48) Concurrent Preclean 1.340ms
[259.406s][info][gc] GC(48) Concurrent Abortable Preclean
[259.406s][info][gc] GC(48) Concurrent Abortable Preclean 0.680ms
[259.591s][info][gc] GC(48) Pause Remark 459M->459M(494M) 183.573ms
[259.591s][info][gc] GC(48) Concurrent Sweep
[259.788s][info][gc] GC(48) Concurrent Sweep 196.645ms
[259.788s][info][gc] GC(48) Concurrent Reset
[259.789s][info][gc] GC(48) Concurrent Reset 0.851ms
[261.902s][info][gc] GC(49) Pause Initial Mark 467M->467M(494M) 112.102ms
[261.902s][info][gc] GC(49) Concurrent Mark
[262.409s][info][gc] GC(49) Concurrent Mark 506.573ms
[262.409s][info][gc] GC(49) Concurrent Preclean
[262.410s][info][gc] GC(49) Concurrent Preclean 1.136ms
[262.410s][info][gc] GC(49) Concurrent Abortable Preclean
[262.411s][info][gc] GC(49) Concurrent Abortable Preclean 0.481ms
[262.596s][info][gc] GC(49) Pause Remark 470M->470M(494M) 184.707ms
[262.596s][info][gc] GC(49) Concurrent Sweep
[262.783s][info][gc] GC(49) Concurrent Sweep 187.033ms
[262.784s][info][gc] GC(49) Concurrent Reset
[262.785s][info][gc] GC(49) Concurrent Reset 0.859ms
[264.897s][info][gc] GC(50) Pause Initial Mark 477M->477M(494M) 111.115ms
[264.897s][info][gc] GC(50) Concurrent Mark
[265.345s][info][gc] GC(50) Concurrent Mark 447.549ms
[265.345s][info][gc] GC(50) Concurrent Preclean
[265.346s][info][gc] GC(50) Concurrent Preclean 1.170ms
[265.346s][info][gc] GC(50) Concurrent Abortable Preclean
[265.347s][info][gc] GC(50) Concurrent Abortable Preclean 0.484ms
[265.533s][info][gc] GC(50) Pause Remark 478M->478M(494M) 185.569ms
[265.533s][info][gc] GC(50) Concurrent Sweep
[265.740s][info][gc] GC(50) Concurrent Sweep 206.850ms
[265.741s][info][gc] GC(50) Concurrent Reset
[265.741s][info][gc] GC(50) Concurrent Reset 0.921ms
[267.855s][info][gc] GC(51) Pause Initial Mark 484M->484M(494M) 112.904ms
[267.855s][info][gc] GC(51) Concurrent Mark
[268.334s][info][gc] GC(51) Concurrent Mark 479.220ms
[268.335s][info][gc] GC(51) Concurrent Preclean
[268.336s][info][gc] GC(51) Concurrent Preclean 1.139ms
[268.336s][info][gc] GC(51) Concurrent Abortable Preclean
[268.336s][info][gc] GC(51) Concurrent Abortable Preclean 0.550ms
[268.519s][info][gc] GC(51) Pause Remark 487M->487M(494M) 181.559ms
[268.519s][info][gc] GC(51) Concurrent Sweep
[268.704s][info][gc] GC(51) Concurrent Sweep 185.280ms
[268.705s][info][gc] GC(51) Concurrent Reset
[268.706s][info][gc] GC(51) Concurrent Reset 0.895ms
[270.811s][info][gc] GC(52) Pause Initial Mark 494M->494M(494M) 105.188ms
[270.811s][info][gc] GC(52) Concurrent Mark
[271.321s][info][gc] GC(52) Concurrent Mark 510.036ms
[271.322s][info][gc] GC(52) Concurrent Preclean
[271.323s][info][gc] GC(52) Concurrent Preclean 1.413ms
[272.828s][info][gc] GC(54) Pause Full (Allocation Failure) 494M->469M(494M) 1505.818ms
[272.829s][info][gc] GC(53) Pause Young (Allocation Failure) 494M->469M(494M) 1506.300ms
[274.950s][info][gc] GC(55) Pause Initial Mark 475M->475M(494M) 121.347ms
[274.951s][info][gc] GC(55) Concurrent Mark
[275.489s][info][gc] GC(55) Concurrent Mark 538.024ms
[275.489s][info][gc] GC(55) Concurrent Preclean
[275.977s][info][gc] GC(55) Concurrent Preclean 488.017ms
[275.977s][info][gc] GC(55) Concurrent Abortable Preclean
[275.978s][info][gc] GC(55) Concurrent Abortable Preclean 0.636ms
[276.204s][info][gc] GC(55) Pause Remark 479M->479M(494M) 225.533ms
[276.204s][info][gc] GC(55) Concurrent Sweep
[276.435s][info][gc] GC(55) Concurrent Sweep 230.322ms
[276.435s][info][gc] GC(55) Concurrent Reset
[276.436s][info][gc] GC(55) Concurrent Reset 0.886ms
[278.560s][info][gc] GC(56) Pause Initial Mark 487M->487M(494M) 123.238ms
[278.560s][info][gc] GC(56) Concurrent Mark
[279.039s][info][gc] GC(56) Concurrent Mark 479.397ms
[279.040s][info][gc] GC(56) Concurrent Preclean
[279.041s][info][gc] GC(56) Concurrent Preclean 1.191ms
[279.041s][info][gc] GC(56) Concurrent Abortable Preclean
[279.042s][info][gc] GC(56) Concurrent Abortable Preclean 0.479ms
[279.268s][info][gc] GC(56) Pause Remark 487M->487M(494M) 225.547ms
[279.268s][info][gc] GC(56) Concurrent Sweep
[279.538s][info][gc] GC(56) Concurrent Sweep 270.097ms
[279.539s][info][gc] GC(56) Concurrent Reset
[279.540s][info][gc] GC(56) Concurrent Reset 0.909ms
[282.799s][info][gc] GC(58) Pause Full (Allocation Failure) 494M->482M(494M) 1379.566ms
[282.799s][info][gc] GC(57) Pause Young (Allocation Failure) 494M->482M(494M) 1379.984ms
[282.942s][info][gc] GC(59) Pause Initial Mark 482M->482M(494M) 141.659ms
[282.942s][info][gc] GC(59) Concurrent Mark
[283.409s][info][gc] GC(59) Concurrent Mark 466.455ms
[283.409s][info][gc] GC(59) Concurrent Preclean
[284.122s][info][gc] GC(59) Concurrent Preclean 712.616ms
[284.122s][info][gc] GC(59) Concurrent Abortable Preclean
[284.123s][info][gc] GC(59) Concurrent Abortable Preclean 0.750ms
[284.368s][info][gc] GC(59) Pause Remark 487M->487M(494M) 244.328ms
[284.368s][info][gc] GC(59) Concurrent Sweep
[284.593s][info][gc] GC(59) Concurrent Sweep 224.434ms
[284.593s][info][gc] GC(59) Concurrent Reset
[284.594s][info][gc] GC(59) Concurrent Reset 0.875ms
[286.725s][info][gc] GC(60) Pause Initial Mark 493M->493M(494M) 130.509ms
[286.725s][info][gc] GC(60) Concurrent Mark
[287.186s][info][gc] GC(60) Concurrent Mark 460.546ms
[288.623s][info][gc] GC(62) Pause Full (Allocation Failure) 494M->488M(494M) 1509.134ms
[288.624s][info][gc] GC(61) Pause Young (Allocation Failure) 494M->488M(494M) 1509.618ms
[290.807s][info][gc] GC(63) Pause Initial Mark 493M->493M(494M) 182.993ms
[290.807s][info][gc] GC(63) Concurrent Mark
[291.264s][info][gc] GC(63) Concurrent Mark 456.638ms
[292.478s][info][gc] GC(64) Pause Full (Allocation Failure) 494M->491M(494M) 1650.122ms
[294.736s][info][gc] GC(65) Pause Full (Allocation Failure) 494M->493M(494M) 1216.135ms
[294.869s][info][gc] GC(66) Pause Initial Mark 493M->493M(494M) 132.102ms
[294.869s][info][gc] GC(66) Concurrent Mark
[295.307s][info][gc] GC(66) Concurrent Mark 438.083ms
[296.704s][info][gc] GC(67) Pause Full (Allocation Failure) 494M->494M(494M) 1813.065ms
[298.301s][info][gc] GC(68) Pause Full (Allocation Failure) 494M->494M(494M) 1596.013ms
[298.572s][info][gc] GC(69) Pause Full (Allocation Failure) 494M->0M(494M) 271.201ms
